INFO:     Started server process [30500]
INFO:     Waiting for application startup.
2026-03-27 16:23:17 | INFO     | nyaymalaw.api | ============================================================
2026-03-27 16:23:17 | INFO     | nyaymalaw.api | Nyaymalaw API v3.0.0 starting up
2026-03-27 16:23:17 | INFO     | nyaymalaw.api | ============================================================
2026-03-27 16:23:17 | INFO     | nyaymalaw.api | Database accessible at C:\Users\rahul\Nyaymalaw-5.0\legal_database\chat_history\app.db
2026-03-27 16:23:17 | INFO     | nyaymalaw.api | Data root: C:\Users\rahul\Nyaymalaw-5.0\legal_database (BareActs: C:\Users\rahul\Nyaymalaw-5.0\legal_database\raw_data\BareActs)
2026-03-27 16:23:17 | INFO     | nyaymalaw.api | Vector store at C:\Users\rahul\Nyaymalaw-5.0\legal_database\vector_store (bare_acts: yes, case_summaries: yes)
2026-03-27 16:23:17 | INFO     | nyaymalaw.api | CORS origins: ['*']
2026-03-27 16:23:17 | INFO     | services.runtime_warmup | Started runtime warmup thread (startup)
2026-03-27 16:23:17 | INFO     | nyaymalaw.api | Startup checks complete; targeted runtime warmup launched
2026-03-27 16:23:17 | INFO     | nyaymalaw.api | ============================================================
INFO:     Application startup complete.
INFO:     Uvicorn running on http://127.0.0.1:8000 (Press CTRL+C to quit)
2026-03-27 16:23:17 | INFO     | faiss.loader | Loading faiss with AVX2 support.
2026-03-27 16:23:18 | INFO     | faiss.loader | Successfully loaded faiss with AVX2 support.
2026-03-27 16:23:18 | INFO     | retrieval.hybrid_retriever | Preloaded FAISS [act_summaries]: 1705 vectors
2026-03-27 16:23:18 | INFO     | retrieval.hybrid_retriever | Preloaded chunks [act_summaries]: 1705 chunks
2026-03-27 16:23:18 | INFO     | retrieval.hybrid_retriever | Preloaded BM25 [act_summaries]: 1705 docs
2026-03-27 16:23:18 | INFO     | retrieval.hybrid_retriever | Preloaded FAISS [bare_acts]: 80644 vectors
2026-03-27 16:23:21 | INFO     | retrieval.hybrid_retriever | Preloaded chunks [bare_acts]: 80644 chunks
2026-03-27 16:23:25 | INFO     | retrieval.hybrid_retriever | Preloaded BM25 [bare_acts]: 80644 docs
2026-03-27 16:23:25 | INFO     | retrieval.hybrid_retriever | Preloaded FAISS [case_summaries]: 34037 vectors
2026-03-27 16:23:27 | INFO     | retrieval.hybrid_retriever | Preloaded chunks [case_summaries]: 34037 chunks
2026-03-27 16:23:31 | INFO     | retrieval.hybrid_retriever | Preloaded BM25 [case_summaries]: 34037 docs
2026-03-27 16:23:31 | INFO     | retrieval.hybrid_retriever | Interactive index preload complete. Cache has 9 entries.
2026-03-27 16:23:33 | INFO     | nyaymalaw.api | GET /health \u2192 200 (7992ms)
2026-03-27 16:23:33 | INFO     | nyaymalaw.api | GET /health \u2192 200 (12271ms)
2026-03-27 16:23:33 | INFO     | nyaymalaw.api | GET /health \u2192 200 (6204ms)
2026-03-27 16:23:35 | INFO     | nyaymalaw.api | GET /health \u2192 200 (4454ms)
2026-03-27 16:23:37 | INFO     | nyaymalaw.api | GET /health \u2192 200 (5525ms)
2026-03-27 16:23:39 | INFO     | nyaymalaw.api | GET /health \u2192 200 (4233ms)
2026-03-27 16:23:42 | INFO     | nyaymalaw.api | GET /health \u2192 200 (4188ms)
2026-03-27 16:23:45 | INFO     | nyaymalaw.api | GET /health \u2192 200 (4210ms)
2026-03-27 16:23:49 | INFO     | nyaymalaw.api | GET /health \u2192 200 (4805ms)
2026-03-27 16:23:51 | INFO     | nyaymalaw.api | GET /health \u2192 200 (4399ms)
2026-03-27 16:23:54 | INFO     | nyaymalaw.api | GET /health \u2192 200 (4237ms)
2026-03-27 16:23:57 | INFO     | nyaymalaw.api | GET /health \u2192 200 (4264ms)
2026-03-27 16:24:00 | INFO     | nyaymalaw.api | GET /health \u2192 200 (4277ms)
2026-03-27 16:24:03 | INFO     | nyaymalaw.api | GET /health \u2192 200 (4299ms)
2026-03-27 16:24:04 | INFO     | retrieval.hybrid_retriever | Loading embedding model 'thenlper/gte-base' on cpu
2026-03-27 16:24:04 | INFO     | sentence_transformers.SentenceTransformer | Load pretrained SentenceTransformer: thenlper/gte-base
2026-03-27 16:24:06 | INFO     | nyaymalaw.api | GET /health \u2192 200 (4235ms)
2026-03-27 16:24:09 | INFO     | nyaymalaw.api | GET /health \u2192 200 (4195ms)
Batches:   0%|          | 0/1 [00:00<?, ?it/s]Batches: 100%|##########| 1/1 [00:00<00:00,  4.18it/s]Batches: 100%|##########| 1/1 [00:00<00:00,  3.89it/s]
2026-03-27 16:24:11 | INFO     | services.runtime_warmup | Interactive warmup: embedding model ready
2026-03-27 16:24:12 | INFO     | nyaymalaw.api | GET /health \u2192 200 (4252ms)
2026-03-27 16:24:13 | INFO     | retrieval.hybrid_retriever | Cross-encoder loaded on CPU
2026-03-27 16:24:13 | INFO     | services.runtime_warmup | Interactive warmup: cross-encoder ready on CPU
2026-03-27 16:24:13 | INFO     | training.few_shot_retriever | Loaded 37 few-shot examples from runtime_examples.jsonl
2026-03-27 16:24:13 | INFO     | services.runtime_warmup | Interactive warmup: few-shot examples ready
2026-03-27 16:24:15 | INFO     | nyaymalaw.api | GET /health \u2192 200 (4299ms)
2026-03-27 16:24:18 | INFO     | nyaymalaw.api | GET /health \u2192 200 (4250ms)
2026-03-27 16:24:21 | INFO     | nyaymalaw.api | GET /health \u2192 200 (4236ms)
2026-03-27 16:24:24 | INFO     | nyaymalaw.api | GET /health \u2192 200 (4193ms)
2026-03-27 16:24:26 | INFO     | services.runtime_warmup | Runtime warmup completed in 68.8 s
2026-03-27 16:24:27 | INFO     | nyaymalaw.api | GET /health \u2192 200 (4235ms)
2026-03-27 16:24:30 | INFO     | nyaymalaw.api | GET /health \u2192 200 (4214ms)
2026-03-27 16:24:33 | INFO     | nyaymalaw.api | GET /health \u2192 200 (4240ms)
2026-03-27 16:24:36 | INFO     | nyaymalaw.api | GET /health \u2192 200 (4221ms)
2026-03-27 16:24:39 | INFO     | nyaymalaw.api | GET /health \u2192 200 (4212ms)
2026-03-27 16:24:43 | INFO     | nyaymalaw.api | GET /health \u2192 200 (4270ms)
2026-03-27 16:24:45 | INFO     | nyaymalaw.api | GET /health \u2192 200 (4220ms)
2026-03-27 16:24:49 | INFO     | nyaymalaw.api | GET /health \u2192 200 (4238ms)
2026-03-27 16:24:51 | INFO     | nyaymalaw.api | GET /health \u2192 200 (4206ms)
2026-03-27 16:24:55 | INFO     | nyaymalaw.api | GET /health \u2192 200 (4231ms)
2026-03-27 16:24:58 | INFO     | nyaymalaw.api | GET /health \u2192 200 (4226ms)
2026-03-27 16:25:01 | INFO     | nyaymalaw.api | GET /health \u2192 200 (4224ms)
2026-03-27 16:25:04 | INFO     | nyaymalaw.api | GET /health \u2192 200 (4232ms)
2026-03-27 16:25:07 | INFO     | nyaymalaw.api | GET /health \u2192 200 (4219ms)
2026-03-27 16:25:10 | INFO     | nyaymalaw.api | GET /health \u2192 200 (4217ms)
2026-03-27 16:25:13 | INFO     | nyaymalaw.api | GET /health \u2192 200 (4220ms)
2026-03-27 16:25:16 | INFO     | nyaymalaw.api | GET /health \u2192 200 (4208ms)
2026-03-27 16:25:19 | INFO     | nyaymalaw.api | GET /health \u2192 200 (4218ms)
2026-03-27 16:25:22 | INFO     | nyaymalaw.api | GET /health \u2192 200 (4223ms)
2026-03-27 16:25:25 | INFO     | nyaymalaw.api | GET /health \u2192 200 (4211ms)
2026-03-27 16:25:28 | INFO     | nyaymalaw.api | GET /health \u2192 200 (4215ms)
2026-03-27 16:25:31 | INFO     | nyaymalaw.api | GET /health \u2192 200 (4203ms)
2026-03-27 16:25:34 | INFO     | nyaymalaw.api | GET /health \u2192 200 (4259ms)
2026-03-27 16:25:37 | INFO     | nyaymalaw.api | GET /health \u2192 200 (4246ms)
2026-03-27 16:25:40 | INFO     | nyaymalaw.api | GET /health \u2192 200 (4211ms)
2026-03-27 16:25:43 | INFO     | nyaymalaw.api | GET /health \u2192 200 (4212ms)
2026-03-27 16:25:46 | INFO     | nyaymalaw.api | GET /health \u2192 200 (4220ms)
2026-03-27 16:25:49 | INFO     | nyaymalaw.api | GET /health \u2192 200 (4214ms)
2026-03-27 16:25:52 | INFO     | nyaymalaw.api | GET /health \u2192 200 (4222ms)
2026-03-27 16:25:55 | INFO     | nyaymalaw.api | GET /health \u2192 200 (4247ms)
2026-03-27 16:25:58 | INFO     | nyaymalaw.api | GET /health \u2192 200 (4204ms)
2026-03-27 16:26:01 | INFO     | nyaymalaw.api | GET /health \u2192 200 (4242ms)
2026-03-27 16:26:04 | INFO     | nyaymalaw.api | GET /health \u2192 200 (4245ms)
2026-03-27 16:26:07 | INFO     | nyaymalaw.api | GET /health \u2192 200 (4235ms)
2026-03-27 16:26:10 | INFO     | nyaymalaw.api | GET /health \u2192 200 (4230ms)
2026-03-27 16:26:13 | INFO     | nyaymalaw.api | GET /health \u2192 200 (4201ms)
2026-03-27 16:26:16 | INFO     | nyaymalaw.api | GET /health \u2192 200 (4209ms)
2026-03-27 16:26:19 | INFO     | nyaymalaw.api | GET /health \u2192 200 (4176ms)
2026-03-27 16:26:22 | INFO     | nyaymalaw.api | GET /health \u2192 200 (4213ms)
2026-03-27 16:26:38 | INFO     | nyaymalaw.api | POST /submit_case/stream \u2192 200 (14ms)
2026-03-27 16:27:33 | INFO     | nyaymalaw.api | POST /submit_case/stream \u2192 200 (14ms)
2026-03-27 16:27:41 | INFO     | nyaymalaw.api | POST /conversation/continue/stream \u2192 200 (18ms)
2026-03-27 16:48:22 | INFO     | nyaymalaw.api | OPTIONS /chats \u2192 200 (42ms)
2026-03-27 16:48:22 | INFO     | nyaymalaw.api | OPTIONS /chats \u2192 200 (52ms)
2026-03-27 16:48:24 | INFO     | nyaymalaw.api | GET /bareacts/library \u2192 200 (2379ms)
2026-03-27 16:48:24 | INFO     | nyaymalaw.api | GET /bareacts/library \u2192 200 (14ms)
2026-03-27 16:48:24 | INFO     | nyaymalaw.api | GET /chats \u2192 200 (2602ms)
2026-03-27 16:48:25 | INFO     | nyaymalaw.api | GET /chats \u2192 200 (381ms)
2026-03-27 16:48:32 | INFO     | nyaymalaw.api | GET /caselaws/library \u2192 200 (10598ms)
2026-03-27 16:48:33 | INFO     | nyaymalaw.api | GET /caselaws/library \u2192 200 (797ms)
