INFO:     Started server process [30344]
INFO:     Waiting for application startup.
2026-03-27 22:12:11 | INFO     | nyaymalaw.api | ============================================================
2026-03-27 22:12:11 | INFO     | nyaymalaw.api | Nyaymalaw API v3.0.0 starting up
2026-03-27 22:12:11 | INFO     | nyaymalaw.api | ============================================================
2026-03-27 22:12:11 | INFO     | nyaymalaw.api | Database accessible at C:\Users\rahul\Nyaymalaw-5.0\legal_database\chat_history\app.db
2026-03-27 22:12:11 | INFO     | nyaymalaw.api | Data root: C:\Users\rahul\Nyaymalaw-5.0\legal_database (BareActs: C:\Users\rahul\Nyaymalaw-5.0\legal_database\raw_data\BareActs)
2026-03-27 22:12:11 | INFO     | nyaymalaw.api | Vector store at C:\Users\rahul\Nyaymalaw-5.0\legal_database\vector_store (bare_acts: yes, case_summaries: yes)
2026-03-27 22:12:11 | INFO     | nyaymalaw.api | CORS origins: ['*']
2026-03-27 22:12:11 | INFO     | services.runtime_warmup | Started runtime warmup thread (startup)
2026-03-27 22:12:11 | INFO     | nyaymalaw.api | Startup checks complete; targeted runtime warmup launched
2026-03-27 22:12:11 | INFO     | nyaymalaw.api | ============================================================
INFO:     Application startup complete.
INFO:     Uvicorn running on http://127.0.0.1:8004 (Press CTRL+C to quit)
2026-03-27 22:12:11 | INFO     | faiss.loader | Loading faiss with AVX2 support.
2026-03-27 22:12:11 | INFO     | faiss.loader | Successfully loaded faiss with AVX2 support.
2026-03-27 22:12:11 | INFO     | retrieval.hybrid_retriever | Preloaded FAISS [act_summaries]: 1705 vectors
2026-03-27 22:12:11 | INFO     | retrieval.hybrid_retriever | Preloaded chunks [act_summaries]: 1705 chunks
2026-03-27 22:12:11 | INFO     | retrieval.hybrid_retriever | Preloaded BM25 [act_summaries]: 1705 docs
2026-03-27 22:12:11 | INFO     | retrieval.hybrid_retriever | Preloaded FAISS [bare_acts]: 80644 vectors
2026-03-27 22:12:12 | INFO     | retrieval.hybrid_retriever | Preloaded chunks [bare_acts]: 80644 chunks
2026-03-27 22:12:13 | INFO     | retrieval.hybrid_retriever | Preloaded BM25 [bare_acts]: 80644 docs
2026-03-27 22:12:13 | INFO     | retrieval.hybrid_retriever | Preloaded FAISS [case_summaries]: 34037 vectors
2026-03-27 22:12:14 | INFO     | retrieval.hybrid_retriever | Preloaded chunks [case_summaries]: 34037 chunks
2026-03-27 22:12:15 | INFO     | retrieval.hybrid_retriever | Preloaded BM25 [case_summaries]: 34037 docs
2026-03-27 22:12:15 | INFO     | retrieval.hybrid_retriever | Interactive index preload complete. Cache has 9 entries.
2026-03-27 22:12:23 | INFO     | retrieval.hybrid_retriever | Loading embedding model 'thenlper/gte-base' on cpu
2026-03-27 22:12:23 | INFO     | sentence_transformers.SentenceTransformer | Load pretrained SentenceTransformer: thenlper/gte-base
Batches:   0%|          | 0/1 [00:00<?, ?it/s]Batches: 100%|##########| 1/1 [00:00<00:00, 22.49it/s]
2026-03-27 22:12:24 | INFO     | services.runtime_warmup | Interactive warmup: embedding model ready
2026-03-27 22:12:25 | INFO     | retrieval.hybrid_retriever | Cross-encoder loaded on CPU
2026-03-27 22:12:25 | INFO     | services.runtime_warmup | Interactive warmup: cross-encoder ready on CPU
Batches:   0%|          | 0/1 [00:00<?, ?it/s]Batches: 100%|##########| 1/1 [00:00<00:00, 24.47it/s]
2026-03-27 22:12:25 | INFO     | retrieval.hybrid_retriever | Hybrid search: 3 FAISS + 3 BM25 \u2192 5 RRF candidates (pool for re-rank)
2026-03-27 22:12:25 | INFO     | retrieval.hybrid_retriever | Re-ranked to 0 results
Batches:   0%|          | 0/1 [00:00<?, ?it/s]Batches: 100%|##########| 1/1 [00:00<00:00, 33.08it/s]
2026-03-27 22:12:25 | INFO     | retrieval.hybrid_retriever | Hybrid search: 6 FAISS + 6 BM25 \u2192 6 RRF candidates (pool for re-rank)
2026-03-27 22:12:25 | INFO     | retrieval.hybrid_retriever | Re-ranked to 2 results (top score: 2.896)
Batches:   0%|          | 0/1 [00:00<?, ?it/s]Batches: 100%|##########| 1/1 [00:00<00:00, 34.40it/s]
2026-03-27 22:12:25 | INFO     | retrieval.hybrid_retriever | Hybrid search: 4 FAISS + 4 BM25 \u2192 6 RRF candidates (pool for re-rank)
2026-03-27 22:12:26 | INFO     | retrieval.hybrid_retriever | Re-ranked to 2 results (top score: 2.100)
2026-03-27 22:12:26 | INFO     | services.runtime_warmup | Interactive warmup: retrieval fast path primed
2026-03-27 22:12:26 | INFO     | training.few_shot_retriever | Loaded 37 few-shot examples from runtime_examples.jsonl
2026-03-27 22:12:26 | INFO     | services.runtime_warmup | Interactive warmup: few-shot examples ready
2026-03-27 22:12:37 | INFO     | services.runtime_warmup | Runtime warmup completed in 26.7 s
2026-03-27 22:13:19 | INFO     | nyaymalaw.api | GET /health \u2192 200 (118ms)
2026-03-27 22:15:13 | INFO     | nyaymalaw.api | POST /submit_case/stream \u2192 200 (9ms)
2026-03-27 22:15:23 | INFO     | nyaymalaw.api | POST /conversation/continue/stream \u2192 200 (6ms)
2026-03-27 22:15:25 | INFO     | nyaymalaw.api | POST /conversation/continue/stream \u2192 200 (5ms)
2026-03-27 22:15:26 | INFO     | services.response_generator_v2 | Expanded query(s): ("road traffic accident" near "Mysuru" + injured party seeking compensation under insurance policy for medical expenses, lost income, and vehicle damage).
2026-03-27 22:15:26 | INFO     | services.response_generator_v2 | Bare-act query builder [d1]: legal_nature=mixed queries=['("road traffic accident" near "Mysuru" + injured party seeking compensation under insurance policy for medical expenses, lost income, and ve', '("road traffic accident" near "Mysuru" + injured party seeking compensation under insurance policy for medical expenses, lost income, and ve', 'road traffic accident near mysuru injured']
Batches:   0%|          | 0/1 [00:00<?, ?it/s]Batches: 100%|##########| 1/1 [00:00<00:00, 14.83it/s]
2026-03-27 22:15:26 | INFO     | retrieval.hybrid_retriever | Hybrid search: 3 FAISS + 3 BM25 \u2192 5 RRF candidates (pool for re-rank)
2026-03-27 22:15:27 | INFO     | retrieval.hybrid_retriever | Re-ranked to 1 results (top score: 5.978)
Batches:   0%|          | 0/1 [00:00<?, ?it/s]Batches: 100%|##########| 1/1 [00:00<00:00, 13.44it/s]
2026-03-27 22:15:28 | INFO     | retrieval.hybrid_retriever | Hybrid search: 6 FAISS + 6 BM25 \u2192 8 RRF candidates (pool for re-rank)
2026-03-27 22:15:28 | INFO     | retrieval.hybrid_retriever | Act pre-filter (profile): BYPASSED — only 0 candidates after filter (< 5 min); proceeding with all 8 candidates. Check act profile coverage for this query.
2026-03-27 22:15:28 | INFO     | retrieval.hybrid_retriever | Re-ranked to 4 results (top score: 5.542)
Batches:   0%|          | 0/1 [00:00<?, ?it/s]Batches: 100%|##########| 1/1 [00:00<00:00, 12.34it/s]
2026-03-27 22:15:29 | INFO     | retrieval.hybrid_retriever | Hybrid search: 4 FAISS + 4 BM25 \u2192 7 RRF candidates (pool for re-rank)
2026-03-27 22:15:30 | INFO     | retrieval.hybrid_retriever | Re-ranked to 0 results
Batches:   0%|          | 0/1 [00:00<?, ?it/s]Batches: 100%|##########| 1/1 [00:00<00:00, 22.96it/s]
2026-03-27 22:15:30 | INFO     | retrieval.hybrid_retriever | Hybrid search: 4 FAISS + 4 BM25 \u2192 7 RRF candidates (pool for re-rank)
2026-03-27 22:15:30 | INFO     | retrieval.hybrid_retriever | Re-ranked to 3 results (top score: 6.368)
2026-03-27 22:15:30 | INFO     | services.response_generator_v2 | Matched 1 case laws to 3 bare act sections via dispute-tag + text matching (0 cross-encoder calls; replaced O(sections×case_laws) scoring)
2026-03-27 22:15:30 | WARNING  | nyaymalaw.api | Feedback log failed (non-critical): Excel feedback log not found: C:\Users\rahul\Nyaymalaw-5.0\Nyaymalaw_Feedback_Log_v3.xlsx
