INFO:     Started server process [26288]
INFO:     Waiting for application startup.
2026-03-27 23:35:40 | INFO     | nyaymalaw.api | ============================================================
2026-03-27 23:35:40 | INFO     | nyaymalaw.api | Nyaymalaw API v3.0.0 starting up
2026-03-27 23:35:40 | INFO     | nyaymalaw.api | ============================================================
2026-03-27 23:35:40 | INFO     | nyaymalaw.api | Database accessible at C:\Users\rahul\Nyaymalaw-5.0\legal_database\chat_history\app.db
2026-03-27 23:35:40 | INFO     | nyaymalaw.api | Data root: C:\Users\rahul\Nyaymalaw-5.0\legal_database (BareActs: C:\Users\rahul\Nyaymalaw-5.0\legal_database\raw_data\BareActs)
2026-03-27 23:35:40 | INFO     | nyaymalaw.api | Vector store at C:\Users\rahul\Nyaymalaw-5.0\legal_database\vector_store (bare_acts: yes, case_summaries: yes)
2026-03-27 23:35:40 | INFO     | nyaymalaw.api | CORS origins: ['*']
2026-03-27 23:35:40 | INFO     | training.few_shot_retriever | Loaded 37 few-shot examples from runtime_examples.jsonl
2026-03-27 23:35:40 | INFO     | services.runtime_warmup | Critical runtime warmup: few-shot examples ready
2026-03-27 23:35:58 | INFO     | nyaymalaw.api | Critical warmup: fewshot=yes fast_model=yes analysis_model=no elapsed=17.98s
2026-03-27 23:35:58 | INFO     | services.runtime_warmup | Started runtime warmup thread (startup)
2026-03-27 23:35:58 | INFO     | nyaymalaw.api | Startup checks complete; targeted runtime warmup launched
2026-03-27 23:35:58 | INFO     | nyaymalaw.api | ============================================================
INFO:     Application startup complete.
INFO:     Uvicorn running on http://127.0.0.1:8014 (Press CTRL+C to quit)
2026-03-27 23:35:58 | INFO     | faiss.loader | Loading faiss with AVX2 support.
2026-03-27 23:35:58 | INFO     | faiss.loader | Successfully loaded faiss with AVX2 support.
2026-03-27 23:35:58 | INFO     | retrieval.hybrid_retriever | Preloaded FAISS [act_summaries]: 1705 vectors
2026-03-27 23:35:58 | INFO     | retrieval.hybrid_retriever | Preloaded chunks [act_summaries]: 1705 chunks
2026-03-27 23:35:58 | INFO     | retrieval.hybrid_retriever | Preloaded BM25 [act_summaries]: 1705 docs
2026-03-27 23:35:58 | INFO     | retrieval.hybrid_retriever | Preloaded FAISS [bare_acts]: 80644 vectors
2026-03-27 23:35:59 | INFO     | retrieval.hybrid_retriever | Preloaded chunks [bare_acts]: 80644 chunks
2026-03-27 23:36:00 | INFO     | retrieval.hybrid_retriever | Preloaded BM25 [bare_acts]: 80644 docs
2026-03-27 23:36:00 | INFO     | nyaymalaw.api | GET /health \u2192 200 (1131ms)
2026-03-27 23:36:00 | INFO     | retrieval.hybrid_retriever | Preloaded FAISS [case_summaries]: 34037 vectors
2026-03-27 23:36:00 | INFO     | nyaymalaw.api | GET /health \u2192 200 (74ms)
2026-03-27 23:36:01 | INFO     | retrieval.hybrid_retriever | Preloaded chunks [case_summaries]: 34037 chunks
2026-03-27 23:36:02 | INFO     | retrieval.hybrid_retriever | Preloaded BM25 [case_summaries]: 34037 docs
2026-03-27 23:36:02 | INFO     | retrieval.hybrid_retriever | Interactive index preload complete. Cache has 9 entries.
2026-03-27 23:36:11 | INFO     | retrieval.hybrid_retriever | Loading embedding model 'thenlper/gte-base' on cpu
2026-03-27 23:36:11 | INFO     | sentence_transformers.SentenceTransformer | Load pretrained SentenceTransformer: thenlper/gte-base
2026-03-27 23:36:15 | INFO     | retrieval.hybrid_retriever | Native SentenceTransformer load failed; building with explicit mean-pooling for 'thenlper/gte-base'
2026-03-27 23:36:16 | WARNING  | services.runtime_warmup | Embedding warmup failed: The paging file is too small for this operation to complete. (os error 1455)
